// Jest Snapshot v1, https://goo.gl/fbAQLP

exports[`<TypeCat /> renders 1`] = `
<DocumentFragment>
  <div
    class="container"
  >
    <div
      class=""
      style="width: 0px;"
    >
      <div
        class="Typist "
      >
        <span
          class="Cursor Cursor--blinking"
        >
          _
        </span>
      </div>
    </div>
    <div
      class="mirror hide"
      data-testid="typing"
    >
      Hello World
    </div>
  </div>
</DocumentFragment>
`;
