// Jest Snapshot v1, https://goo.gl/fbAQLP

exports[`<TypeCat /> renders 1`] = `
<DocumentFragment>
  <div
    class="sc-bdVaJa crtefa"
  >
    <div
      class="sc-bwzfXH itrWxH"
    >
      <div
        data-testid="typist"
      />
    </div>
    <div
      class="sc-bwzfXH hSjhtd"
      data-testid="typing"
    >
      Hello World
      <span
        style="opacity: 0;"
      >
        _
      </span>
    </div>
  </div>
</DocumentFragment>
`;
