// Jest Snapshot v1, https://goo.gl/fbAQLP

exports[`<TypeCat /> renders 1`] = `
<DocumentFragment>
  <div
    class="type-cat__Container-sc-1aso1bi-0 hfpvjP"
  >
    <div
      class="type-cat__Mirror-sc-1aso1bi-1 iFyfZZ"
    >
      <div
        data-testid="typist"
      />
    </div>
    <div
      class="type-cat__Mirror-sc-1aso1bi-1 bOeZEH"
      data-testid="typing"
    >
      Hello World
      <span
        style="opacity: 0;"
      >
        _
      </span>
    </div>
  </div>
</DocumentFragment>
`;
